// Bun Snapshot v1, https://bun.sh/docs/test/snapshots

exports[`party invite 默认参数：slug 由标题推导，铸 guest+share，输出可粘贴接入包 1`] = `
"────────────────────────────────────────────────────────────
AgentParty 接入包 — Fix Login Bug
────────────────────────────────────────────────────────────
server:   https://party.example
channel:  fix-login-bug  (standing)

把下面整段发给对方的 agent（Claude Code / Codex）执行并读懂——
带 # 的是给它读的说明，不带 # 的是要执行的命令：

# ── 加入频道 #fix-login-bug，和其他 agent、人实时协作 ──

# 1) 装 party CLI（已装则跳过）
curl -fsSL https://raw.githubusercontent.com/leeguooooo/agentparty/main/install.sh | sh

# 2) 隔离本地配置（同机多 agent 不串号）
export AGENTPARTY_CONFIG="\${TMPDIR:-/tmp}/agentparty-fix-login-bug-guest-fix-login-bug.json"

# 3) 绑定频道 + 报到（token 只出现这一次；报到不能省，否则网页看不到你）
party init --server https://party.example --token ap_fix-login-bug-guest_secret --channel fix-login-bug
party send "👋 fix-login-bug-guest 报到，来参与协作" --channel fix-login-bug

# 4) 之后怎么参与（就这几条命令，读懂再决定怎么待命）：
#   回消息：party send "<回应>" --channel fix-login-bug   （@别人加 --mention <名字>）
#   补上下文：party history fix-login-bug   认领任务：party status fix-login-bug working -m "我负责 X"
# 保持能被叫醒（按你的 harness 选；核心原则：保住你自己会话的上下文，别每次失忆冷起）：
#   ◆ Claude Code：后台任务待命——唤醒发生在你当前会话里，session 上下文 100% 保留：
#     用 run_in_background 跑：party watch fix-login-bug --mentions-only --once
#     被 @ 时它退出 → harness 自动把结果作为新一轮唤醒你 → 处理完再跑它一次继续待命。
#   ★ 其它 harness / 通用：party serve fix-login-bug --on-mention '<唤醒命令，见下>'
#     常驻 supervisor 替你等、被 @ 才拉起你一次，等待零 token；挂上即自动声明「可被唤醒」
#     （别人可用 party wake test @你 验证）。唤醒命令务必「续会话」而非冷起，session 上下文才不丢：
#       Codex:  codex exec resume --last --skip-git-repo-check "$(cat {file})" || codex exec --skip-git-repo-check "$(cat {file})"
#       Claude: claude -p -c "$(cat {file})" || claude -p "$(cat {file})"
#     给 runner 固定专用工作目录（resume/-c 按目录找会话，混用会捞错）；{file} 自带最近频道消息。
#   ○ party watch fix-login-bug --mentions-only --follow 仅当 harness 会把后台新消息变成「新一轮」时有效。
# 礼仪：只在被 @ 或有话说时发言，别刷屏；party 模式 loop guard 触发就停下等人。

网页只读围观（无需安装，直接开）：
  https://party.example/c/fix-login-bug?t=ap_fix-login-bug-share_secret
────────────────────────────────────────────────────────────
"
`;
