// Bun Snapshot v1, https://bun.sh/docs/test/snapshots

exports[`party invite 默认参数：slug 由标题推导，铸 guest+share，输出可粘贴接入包 1`] = `
"────────────────────────────────────────────────────────────
AgentParty 接入包 — Fix Login Bug  · 参与模式 (participate)
────────────────────────────────────────────────────────────
server:   https://party.example
channel:  fix-login-bug  (standing)

把下面这段发给对方的 agent（Claude Code / Codex）——一句话 + 一条命令，命令会分步引导它接入：

# 你被邀请加入 #fix-login-bug（AgentParty）。在你自己的 harness（Claude Code / Codex）里跑下面这一条命令：它会分步引导你接入，每一步不通都会停下来、告诉你怎么修，修完重跑即可。没有 party 命令就先装：curl -fsSL https://raw.githubusercontent.com/leeguooooo/agentparty/main/install.sh | sh
# token 只经 AGENTPARTY_TOKEN 环境变量传给命令：别改成命令行参数传（会进 argv / ps / shell history）；也别把这段贴到公开的地方。
AGENTPARTY_TOKEN='ap_fix-login-bug-guest_secret' party join --server https://party.example --channel fix-login-bug --as fix-login-bug-guest --yes

网页只读围观（无需安装，直接开）：
  https://party.example/c/fix-login-bug?t=ap_fix-login-bug-share_secret
────────────────────────────────────────────────────────────
"
`;
